// Jest Snapshot v1, https://goo.gl/fbAQLP

exports[`Move Move component after move detail is fetched 1`] = `
<DocumentFragment>
  <div
    class="move-detail"
  >
    <span
      style="float: right;"
    >
      <button
        class="css-xsck4j"
      >
        PSYCHIC
      </button>
    </span>
    <p
      class="bold"
    >
      Teleport
    </p>
    <hr />
    <table
      class="move-table"
    >
      <thead>
        <tr>
          <td
            colspan="2"
          >
            Does nothing.  Wild battles end immediately.
          </td>
        </tr>
      </thead>
      <tbody>
        <tr>
          <td
            style="width: 50%; padding: 1rem 0px;"
          >
            Power: N/A
          </td>
          <td
            style="width: 50%; padding: 1rem 0px;"
          >
            PP: 20
          </td>
        </tr>
      </tbody>
    </table>
  </div>
</DocumentFragment>
`;

exports[`Move Move component before move detail is fetched 1`] = `
<DocumentFragment>
  <div
    class="move-detail"
  >
    <p
      class="bold"
    >
      Teleport
    </p>
  </div>
</DocumentFragment>
`;
